<html>
<body>
<pre>
<h1>µVision Build Log</h1>
<h2>Project:</h2>
C:\Users\Ryan\Documents\GitHub\cs472_Computer_Architecture\Lab3\avg_vector\avg_vector.uvproj
Project File Date:  04/24/2014

<h2>Output:</h2>
Rebuild target 'Target 1'
assembling avg_vector.s...
linking...
Program Size: Code=152 RO-data=0 RW-data=0 ZI-data=0  
".\avg_vector.axf" - 0 Error(s), 0 Warning(s).
</pre>
</body>
</html>
eated
ring --first command. Cannot find argument '__Vectors'.
Not enough information to list image symbols.
Not enough information to list the image map.
Finished: 2 information, 1 warning and 1 error messages.
".\avg_vector.axf" - 1 Error(s), 1 Warning(s).
Target not created
