


ARM Macro Assembler    Page 1 


    1 00000000                 AREA             endianness_testing, CODE, READW
RITE
    2 00000000                 ENTRY
    3 00000000         
    4 00000000         
    5 00000000 E3A01040        MOV              r1, #64     ;
    6 00000004         
    7 00000004         
    8 00000004 EAFFFFFE 
                       l       b                l           ; infinite loop
    9 00000008         
   10 00000008                 END
Command Line: --debug --xref --apcs=interwork --depend=.\endianness_testing.d -
o.\endianness_testing.o -IC:\Keil\ARM\RV31\INC -IC:\Keil\ARM\CMSIS\Include --pr
edefine="__EVAL SETA 1" --list=.\endianness_testing.lst endianness_testing.asm



ARM Macro Assembler    Page 1 Alphabetic symbol ordering
Relocatable symbols

endianness_testing 00000000

Symbol: endianness_testing
   Definitions
      At line 1 in file endianness_testing.asm
   Uses
      None
Comment: endianness_testing unused
l 00000004

Symbol: l
   Definitions
      At line 8 in file endianness_testing.asm
   Uses
      At line 8 in file endianness_testing.asm
Comment: l used once
2 symbols
333 symbols in table
