<html>
<body>
<pre>
<h1>µVision Build Log</h1>
<h2>Project:</h2>
C:\Users\Ryan\Desktop\endianness_testing\endianness_testing.uvproj
Project File Date:  04/25/2014

<h2>Output:</h2>
Rebuild target 'Target 1'
assembling endianness_testing.asm...
endianness_testing.asm(46): warning: A1581W: Added 2 bytes of padding at address 0x6e
linking...
Program Size: Code=120 RO-data=0 RW-data=0 ZI-data=0  
".\endianness_testing.axf" - 0 Error(s), 1 Warning(s).
n\Desktop\endianness_testing\endianness_testing.axf'. Debugger aborted !
ot load file 'C:\Users\Ryan\Desktop\endianness_testing\endianness_testing.axf'. Debugger aborted !
