


ARM Macro Assembler    Page 1 


    1 00000000                 AREA             test, CODE, READWRITE
    2 00000000                 ENTRY
    3 00000000         
    4 00000000 E3A00000        LDR              r0, =0x00000000
    5 00000004 E59F1040        LDR              R1, =0x11111111
    6 00000008 E59F2040        LDR              R2, =0x22222222
    7 0000000C E59F3040        LDR              R3, =0x33333333
    8 00000010 E59F4040        LDR              R4, =0x44444444
    9 00000014 E59F5040        LDR              R5, =0x55555555
   10 00000018 E59F6040        LDR              R6, =0x66666666
   11 0000001C         
   12 0000001C E28FD014        ADR              R13, Stack
   13 00000020 E9A70017        STMIB            r7!,{r0-r2,r4}
   14 00000024 00 00 00 
              00 00 00 
              00 00 00 
              00 00 00 
              00 00 00 
              00 00 00 
              00 00            SPACE            20
   15 00000038 00 00 00 
              00 00 00 
              00 00 00 
              00 00 00 
              00 00 00 
              00 00 00 
              00 00    Stack   SPACE            20
   16 0000004C                 END
              11111111 
              22222222 
              33333333 
              44444444 
              55555555 
              66666666 
Command Line: --debug --xref --bi --apcs=interwork --depend=.\test.d -o.\test.o
 -IC:\Keil\ARM\RV31\INC -IC:\Keil\ARM\CMSIS\Include --predefine="__EVAL SETA 1"
 --list=.\test.lst test.asm



ARM Macro Assembler    Page 1 Alphabetic symbol ordering
Relocatable symbols

Stack 00000038

Symbol: Stack
   Definitions
      At line 15 in file test.asm
   Uses
      At line 12 in file test.asm
Comment: Stack used once
test 00000000

Symbol: test
   Definitions
      At line 1 in file test.asm
   Uses
      None
Comment: test unused
2 symbols
335 symbols in table
