<html>
<body>
<pre>
<h1>µVision Build Log</h1>
<h2>Project:</h2>
C:\Users\Ryan\Documents\GitHub\cs472_Computer_Architecture\Lab3\quad_func\quad_func.uvproj
Project File Date:  04/24/2014

<h2>Output:</h2>
Rebuild target 'Target 1'
assembling quad_func.s...
linking...
Program Size: Code=84 RO-data=0 RW-data=0 ZI-data=0  
".\quad_func.axf" - 0 Error(s), 0 Warning(s).
assembling quad_func.s...
"quad_func.s" - 0 Error(s), 0 Warning(s).
Error: Could not load file 'C:\Users\Ryan\Documents\GitHub\cs472_Computer_Architecture\Lab3\quad_func\quad_func.axf'. Debugger aborted !
Error: Could not load file 'C:\Users\Ryan\Documents\GitHub\cs472_Computer_Architecture\Lab3\quad_func\quad_func.axf'. Debugger aborted !
