<html>
<body>
<pre>
<h1>µVision Build Log</h1>
<h2>Project:</h2>
C:\Users\Drake\Google Drive\cs472_Computer_Architecture\Assignment3\NullTerminatingString\NullTerminatingString.uvproj
Project File Date:  04/21/2014

<h2>Output:</h2>
Rebuild target 'Target 1'
assembling NullTerminatingString.asm...
NullTerminatingString.asm(9): warning: A1608W: MOV pc,<rn> instruction used, but BX <rn> is preferred
linking...
Program Size: Code=48 RO-data=0 RW-data=0 ZI-data=0  
".\NullTerminatingString.axf" - 0 Error(s), 1 Warning(s).
</pre>
</body>
</html>
ring.asm" - 0 Error(s), 0 Warning(s).
Error: Could not load file 'C:\Users\Drake\Google Drive\cs472_Computer_Architecture\Assignment3\NullTerminatingString\NullTerminatingString.axf'. Debugger aborted !
Error: Could not load file 'C:\Users\Drake\Google Drive\cs472_Computer_Architecture\Assignment3\NullTerminatingString\NullTerminatingString.axf'. Debugger aborted !
assembling NullTerminatingString.asm...
NullTerminatingString.asm(4): error: A1898E: Target cannot be relocated. No suitable relocation exists for this instruction
"NullTerminatingString.asm" - 1 Error(s), 0 Warning(s).
assembling NullTerminatingString.asm...
NullTerminatingString.asm(4): error: A1898E: Target cannot be relocated. No suitable relocation exists for this instruction
"NullTerminatingString.asm" - 1 Error(s), 0 Warning(s).
