<html>
<body>
<pre>
<h1>µVision Build Log</h1>
<h2>Project:</h2>
C:\Users\Ryan\Documents\GitHub\cs472_Computer_Architecture\Assignment3\NullTerminatingString\NullTerminatingString.uvproj
Project File Date:  04/21/2014

<h2>Output:</h2>
Rebuild target 'Target 1'
assembling NullTerminatingString.asm...
NullTerminatingString.asm(13): warning: A1608W: MOV pc,<rn> instruction used, but BX <rn> is preferred
linking...
Program Size: Code=48 RO-data=0 RW-data=0 ZI-data=0  
".\NullTerminatingString.axf" - 0 Error(s), 1 Warning(s).
et
NullTerminatingString.asm(32): error: A1167E: Invalid line start 
".\NullTerminatingString.axf" - 4 Error(s), 0 Warning(s).
Target not created
