


ARM Macro Assembler    Page 1 


    1 00000000                 AREA             palindrome, CODE, READWRITE
    2 00000000                 ENTRY
    3 00000000         
    4 00000000 E3A00001        MOV              R0, #1      ; palindrome flag s
                                                            et at true
    5 00000004 E28F103C        ADR              R1, src     ; r0 points at stri
                                                            ng
    6 00000008 E28F2038        ADR              R2, src     ; r1 points at stri
                                                            ng END
    7 0000000C         
    8 0000000C         ;get pointer to end of the string and store in r2
    9 0000000C         ;R2 is temp pointer
   10 0000000C E4D23001 
                       getstrend
                               LDRB             R3, [R2], #1 ;load r0 into r2 a
                                                            nd increment
   11 00000010         
   12 00000010 E3530000        CMP              R3, #0x00
   13 00000014 1AFFFFFC        BNE              getstrend
   14 00000018         
   15 00000018 E2422002        SUB              R2, #2
   16 0000001C E1510002 
                       loop    CMP              R1, R2
   17 00000020 0A000006        BEQ              pass
   18 00000024 E4D13001        LDRB             R3, [R1], #1 ; grab first chara
                                                            cter, increment poi
                                                            nter
   19 00000028 E4524001        LDRB             R4, [R2], #-1 ; grab last chara
                                                            cter, decrement poi
                                                            nter
   20 0000002C E1530004        CMP              R3, R4      ; do they match?
   21 00000030 1A000000        BNE              fail
   22 00000034         
   23 00000034         
   24 00000034 EAFFFFF8        B                loop        ; if not at the end
                                                            ... we move onto th
                                                            e next character
   25 00000038         
   26 00000038 E3A00000 
                       fail    MOV              R0, #0      ; is not a palindro
                                                            me
   27 0000003C EAFFFFFD        B                fail        ; infinite loop!
   28 00000040         
   29 00000040 E3A00001 
                       pass    MOV              R0, #1      ; if a palindrome
   30 00000044 EAFFFFFD        B                pass        ; infinite loop!
   31 00000048         
   32 00000048         
   33 00000048 71 30 30 
                       src     =                "q00"
   34 0000004B                 END
Command Line: --debug --xref --bi --apcs=interwork --depend=.\nullterminatingst
ring.d -o.\nullterminatingstring.o -IC:\Keil\ARM\RV31\INC -IC:\Keil\ARM\CMSIS\I
nclude --predefine="__EVAL SETA 1" --list=.\nullterminatingstring.lst NullTermi
natingString.asm



ARM Macro Assembler    Page 1 Alphabetic symbol ordering
Relocatable symbols

fail 00000038

Symbol: fail
   Definitions
      At line 26 in file NullTerminatingString.asm
   Uses
      At line 21 in file NullTerminatingString.asm
      At line 27 in file NullTerminatingString.asm

getstrend 0000000C

Symbol: getstrend
   Definitions
      At line 10 in file NullTerminatingString.asm
   Uses
      At line 13 in file NullTerminatingString.asm
Comment: getstrend used once
loop 0000001C

Symbol: loop
   Definitions
      At line 16 in file NullTerminatingString.asm
   Uses
      At line 24 in file NullTerminatingString.asm
Comment: loop used once
palindrome 00000000

Symbol: palindrome
   Definitions
      At line 1 in file NullTerminatingString.asm
   Uses
      None
Comment: palindrome unused
pass 00000040

Symbol: pass
   Definitions
      At line 29 in file NullTerminatingString.asm
   Uses
      At line 17 in file NullTerminatingString.asm
      At line 30 in file NullTerminatingString.asm

src 00000048

Symbol: src
   Definitions
      At line 33 in file NullTerminatingString.asm
   Uses
      At line 5 in file NullTerminatingString.asm
      At line 6 in file NullTerminatingString.asm

6 symbols
337 symbols in table
