<html>
<body>
<pre>
<h1>µVision Build Log</h1>
<h2>Project:</h2>
C:\Users\Drake\Google Drive\cs472_Computer_Architecture\lab2\lab2_part1\lab2.uvproj
Project File Date:  04/17/2014

<h2>Output:</h2>
Build target 'Target 1'
assembling lab2_2.asm...
linking...
Program Size: Code=64 RO-data=0 RW-data=0 ZI-data=0  
".\lab2.axf" - 0 Error(s), 0 Warning(s).
647E: Bad register name symbol, expected Integer register
lab2_2.asm(22): error: A1647E: Bad register name symbol, expected Integer register
lab2_2.asm(23): error: A1647E: Bad register name symbol, expected Integer register
".\lab2.axf" - 4 Error(s), 0 Warning(s).
Target not created
Error: Could not load file 'C:\Users\Drake\Google Drive\cs472_Computer_Architecture\lab2\lab2_part1\lab2.axf'. Debugger aborted !
mbol, expected Integer register
".\lab2.axf" - 5 Error(s), 2 Warning(s).
Target not created
Error: Could not load file 'C:\Users\Drake\Google Drive\cs472_Computer_Architecture\lab2\lab2_part1\lab2.axf'. Debugger aborted !
